// Vitest Snapshot v1, https://vitest.dev/guide/snapshot.html

exports[`About renders > renders elements 1`] = `
<div>
  <h1>
    About us page
  </h1>
  <p>
    This fake store was created as a project for The Odin Project curriculum.
  </p>
  <p>
    The main skills learned while implementing this project are using React Router, new CSS using CSS-in-JS via the styled-components library.
  </p>
</div>
`;
