// Vitest Snapshot v1, https://vitest.dev/guide/snapshot.html

exports[`NavBar renders > renders elements 1`] = `
<div>
  <div>
    <h1>
      Store Name
    </h1>
    <ul>
      <li>
        <a
          href="/"
        >
          Home
        </a>
      </li>
      <li>
        <a
          href="/store"
        >
          Store
        </a>
      </li>
      <li>
        <a
          href="/about"
        >
          About
        </a>
      </li>
      <li>
        <a
          href="/cart"
        >
          Cart
        </a>
      </li>
    </ul>
  </div>
</div>
`;
